// Jest Snapshot v1, https://goo.gl/fbAQLP

exports[`user matches 1`] = `
Object {
  "age": 42,
  "job": "Investor",
  "name": "El Franco",
}
`;
